// Jest Snapshot v1, https://goo.gl/fbAQLP

exports[`ForecastDetails renders correctly 1`] = `
<DocumentFragment>
  <div
    class="forecast-details"
    data-testid="forecast-details"
  >
    <div
      class="forecast-details__date"
    >
      Mon 30th Apr
    </div>
    <div
      class="forecast-details__description"
    >
      Stub description
    </div>
    <div
      class="forecast-details__icon"
      data-testid="forecast-icon"
    >
      <i
        class="wi wi-day-sunny"
        name="owm"
      />
    </div>
    <div
      class="forecast-details__temperature-max"
    >
      Maximum temperature: 34°C
    </div>
    <div
      class="forecast-details__temperature-min"
    >
      Minimum temperature: 12°C
    </div>
    <div
      class="forecast-details__humidity"
    >
      Humidity: 30g/m3
    </div>
    <div
      class="forecast-details__wind-speed"
    >
      Wind speed: 20mph
    </div>
    <div
      class="forecast-details__wind-direction"
    >
      Wind direction: s
    </div>
  </div>
</DocumentFragment>
`;
